// Jest Snapshot v1, https://goo.gl/fbAQLP

exports[`todos reducer !!!!!!!!!!!!!!!renders Link 1`] = `
<div
  className="card string"
/>
`;
